WARNING 2026-02-16 20:46:23,605 basehttp "GET /static/media/img/home-fqiq.jpg HTTP/1.1" 404 1883
WARNING 2026-02-16 20:46:25,181 basehttp "GET /static/media/img/home-fqiq.jpg HTTP/1.1" 404 1883
WARNING 2026-02-16 20:46:28,522 basehttp "GET /static/img/home-fqiq.jpg HTTP/1.1" 404 1865
ERROR 2026-02-16 20:47:00,682 log Internal Server Error: /
Traceback (most recent call last):
  File "C:\Users\ramir\AppData\Local\Programs\Python\Python312\Lib\site-packages\django\template\defaulttags.py", line 1035, in find_library
    return parser.libraries[name]
           ~~~~~~~~~~~~~~~~^^^^^^
KeyError: 'media'

During handling of the above exception, another exception occurred:

Traceback (most recent call last):
  File "C:\Users\ramir\AppData\Local\Programs\Python\Python312\Lib\site-packages\django\core\handlers\exception.py", line 55, in inner
    response = get_response(request)
               ^^^^^^^^^^^^^^^^^^^^^
  File "C:\Users\ramir\AppData\Local\Programs\Python\Python312\Lib\site-packages\django\core\handlers\base.py", line 197, in _get_response
    response = wrapped_callback(request, *callback_args, **callback_kwargs)
               ^^^^^^^^^^^^^^^^^^^^^^^^^^^^^^^^^^^^^^^^^^^^^^^^^^^^^^^^^^^^
  File "C:\Users\ramir\OneDrive\Escritorio\MIFQIQ-DEV\professors_fqiq\views.py", line 73, in login_view
    return render(request, 'login.html')
           ^^^^^^^^^^^^^^^^^^^^^^^^^^^^^
  File "C:\Users\ramir\AppData\Local\Programs\Python\Python312\Lib\site-packages\django\shortcuts.py", line 25, in render
    content = loader.render_to_string(template_name, context, request, using=using)
              ^^^^^^^^^^^^^^^^^^^^^^^^^^^^^^^^^^^^^^^^^^^^^^^^^^^^^^^^^^^^^^^^^^^^^
  File "C:\Users\ramir\AppData\Local\Programs\Python\Python312\Lib\site-packages\django\template\loader.py", line 61, in render_to_string
    template = get_template(template_name, using=using)
               ^^^^^^^^^^^^^^^^^^^^^^^^^^^^^^^^^^^^^^^^
  File "C:\Users\ramir\AppData\Local\Programs\Python\Python312\Lib\site-packages\django\template\loader.py", line 15, in get_template
    return engine.get_template(template_name)
           ^^^^^^^^^^^^^^^^^^^^^^^^^^^^^^^^^^
  File "C:\Users\ramir\AppData\Local\Programs\Python\Python312\Lib\site-packages\django\template\backends\django.py", line 79, in get_template
    return Template(self.engine.get_template(template_name), self)
                    ^^^^^^^^^^^^^^^^^^^^^^^^^^^^^^^^^^^^^^^
  File "C:\Users\ramir\AppData\Local\Programs\Python\Python312\Lib\site-packages\django\template\engine.py", line 177, in get_template
    template, origin = self.find_template(template_name)
                       ^^^^^^^^^^^^^^^^^^^^^^^^^^^^^^^^^
  File "C:\Users\ramir\AppData\Local\Programs\Python\Python312\Lib\site-packages\django\template\engine.py", line 159, in find_template
    template = loader.get_template(name, skip=skip)
               ^^^^^^^^^^^^^^^^^^^^^^^^^^^^^^^^^^^^
  File "C:\Users\ramir\AppData\Local\Programs\Python\Python312\Lib\site-packages\django\template\loaders\cached.py", line 57, in get_template
    template = super().get_template(template_name, skip)
               ^^^^^^^^^^^^^^^^^^^^^^^^^^^^^^^^^^^^^^^^^
  File "C:\Users\ramir\AppData\Local\Programs\Python\Python312\Lib\site-packages\django\template\loaders\base.py", line 28, in get_template
    return Template(
           ^^^^^^^^^
  File "C:\Users\ramir\AppData\Local\Programs\Python\Python312\Lib\site-packages\django\template\base.py", line 154, in __init__
    self.nodelist = self.compile_nodelist()
                    ^^^^^^^^^^^^^^^^^^^^^^^
  File "C:\Users\ramir\AppData\Local\Programs\Python\Python312\Lib\site-packages\django\template\base.py", line 196, in compile_nodelist
    nodelist = parser.parse()
               ^^^^^^^^^^^^^^
  File "C:\Users\ramir\AppData\Local\Programs\Python\Python312\Lib\site-packages\django\template\base.py", line 518, in parse
    raise self.error(token, e)
  File "C:\Users\ramir\AppData\Local\Programs\Python\Python312\Lib\site-packages\django\template\base.py", line 516, in parse
    compiled_result = compile_func(self, token)
                      ^^^^^^^^^^^^^^^^^^^^^^^^^
  File "C:\Users\ramir\AppData\Local\Programs\Python\Python312\Lib\site-packages\django\template\loader_tags.py", line 299, in do_extends
    nodelist = parser.parse()
               ^^^^^^^^^^^^^^
  File "C:\Users\ramir\AppData\Local\Programs\Python\Python312\Lib\site-packages\django\template\base.py", line 518, in parse
    raise self.error(token, e)
  File "C:\Users\ramir\AppData\Local\Programs\Python\Python312\Lib\site-packages\django\template\base.py", line 516, in parse
    compiled_result = compile_func(self, token)
                      ^^^^^^^^^^^^^^^^^^^^^^^^^
  File "C:\Users\ramir\AppData\Local\Programs\Python\Python312\Lib\site-packages\django\template\defaulttags.py", line 1097, in load
    lib = find_library(parser, name)
          ^^^^^^^^^^^^^^^^^^^^^^^^^^
  File "C:\Users\ramir\AppData\Local\Programs\Python\Python312\Lib\site-packages\django\template\defaulttags.py", line 1037, in find_library
    raise TemplateSyntaxError(
django.template.exceptions.TemplateSyntaxError: 'media' is not a registered tag library. Must be one of:
account
admin_list
admin_modify
admin_urls
allauth
cache
i18n
l10n
log
socialaccount
static
tz
ERROR 2026-02-16 20:47:22,579 log Internal Server Error: /
Traceback (most recent call last):
  File "C:\Users\ramir\AppData\Local\Programs\Python\Python312\Lib\site-packages\django\template\defaulttags.py", line 1035, in find_library
    return parser.libraries[name]
           ~~~~~~~~~~~~~~~~^^^^^^
KeyError: 'media'

During handling of the above exception, another exception occurred:

Traceback (most recent call last):
  File "C:\Users\ramir\AppData\Local\Programs\Python\Python312\Lib\site-packages\django\core\handlers\exception.py", line 55, in inner
    response = get_response(request)
               ^^^^^^^^^^^^^^^^^^^^^
  File "C:\Users\ramir\AppData\Local\Programs\Python\Python312\Lib\site-packages\django\core\handlers\base.py", line 197, in _get_response
    response = wrapped_callback(request, *callback_args, **callback_kwargs)
               ^^^^^^^^^^^^^^^^^^^^^^^^^^^^^^^^^^^^^^^^^^^^^^^^^^^^^^^^^^^^
  File "C:\Users\ramir\OneDrive\Escritorio\MIFQIQ-DEV\professors_fqiq\views.py", line 73, in login_view
    return render(request, 'login.html')
           ^^^^^^^^^^^^^^^^^^^^^^^^^^^^^
  File "C:\Users\ramir\AppData\Local\Programs\Python\Python312\Lib\site-packages\django\shortcuts.py", line 25, in render
    content = loader.render_to_string(template_name, context, request, using=using)
              ^^^^^^^^^^^^^^^^^^^^^^^^^^^^^^^^^^^^^^^^^^^^^^^^^^^^^^^^^^^^^^^^^^^^^
  File "C:\Users\ramir\AppData\Local\Programs\Python\Python312\Lib\site-packages\django\template\loader.py", line 61, in render_to_string
    template = get_template(template_name, using=using)
               ^^^^^^^^^^^^^^^^^^^^^^^^^^^^^^^^^^^^^^^^
  File "C:\Users\ramir\AppData\Local\Programs\Python\Python312\Lib\site-packages\django\template\loader.py", line 15, in get_template
    return engine.get_template(template_name)
           ^^^^^^^^^^^^^^^^^^^^^^^^^^^^^^^^^^
  File "C:\Users\ramir\AppData\Local\Programs\Python\Python312\Lib\site-packages\django\template\backends\django.py", line 79, in get_template
    return Template(self.engine.get_template(template_name), self)
                    ^^^^^^^^^^^^^^^^^^^^^^^^^^^^^^^^^^^^^^^
  File "C:\Users\ramir\AppData\Local\Programs\Python\Python312\Lib\site-packages\django\template\engine.py", line 177, in get_template
    template, origin = self.find_template(template_name)
                       ^^^^^^^^^^^^^^^^^^^^^^^^^^^^^^^^^
  File "C:\Users\ramir\AppData\Local\Programs\Python\Python312\Lib\site-packages\django\template\engine.py", line 159, in find_template
    template = loader.get_template(name, skip=skip)
               ^^^^^^^^^^^^^^^^^^^^^^^^^^^^^^^^^^^^
  File "C:\Users\ramir\AppData\Local\Programs\Python\Python312\Lib\site-packages\django\template\loaders\cached.py", line 57, in get_template
    template = super().get_template(template_name, skip)
               ^^^^^^^^^^^^^^^^^^^^^^^^^^^^^^^^^^^^^^^^^
  File "C:\Users\ramir\AppData\Local\Programs\Python\Python312\Lib\site-packages\django\template\loaders\base.py", line 28, in get_template
    return Template(
           ^^^^^^^^^
  File "C:\Users\ramir\AppData\Local\Programs\Python\Python312\Lib\site-packages\django\template\base.py", line 154, in __init__
    self.nodelist = self.compile_nodelist()
                    ^^^^^^^^^^^^^^^^^^^^^^^
  File "C:\Users\ramir\AppData\Local\Programs\Python\Python312\Lib\site-packages\django\template\base.py", line 196, in compile_nodelist
    nodelist = parser.parse()
               ^^^^^^^^^^^^^^
  File "C:\Users\ramir\AppData\Local\Programs\Python\Python312\Lib\site-packages\django\template\base.py", line 518, in parse
    raise self.error(token, e)
  File "C:\Users\ramir\AppData\Local\Programs\Python\Python312\Lib\site-packages\django\template\base.py", line 516, in parse
    compiled_result = compile_func(self, token)
                      ^^^^^^^^^^^^^^^^^^^^^^^^^
  File "C:\Users\ramir\AppData\Local\Programs\Python\Python312\Lib\site-packages\django\template\loader_tags.py", line 299, in do_extends
    nodelist = parser.parse()
               ^^^^^^^^^^^^^^
  File "C:\Users\ramir\AppData\Local\Programs\Python\Python312\Lib\site-packages\django\template\base.py", line 518, in parse
    raise self.error(token, e)
  File "C:\Users\ramir\AppData\Local\Programs\Python\Python312\Lib\site-packages\django\template\base.py", line 516, in parse
    compiled_result = compile_func(self, token)
                      ^^^^^^^^^^^^^^^^^^^^^^^^^
  File "C:\Users\ramir\AppData\Local\Programs\Python\Python312\Lib\site-packages\django\template\defaulttags.py", line 1097, in load
    lib = find_library(parser, name)
          ^^^^^^^^^^^^^^^^^^^^^^^^^^
  File "C:\Users\ramir\AppData\Local\Programs\Python\Python312\Lib\site-packages\django\template\defaulttags.py", line 1037, in find_library
    raise TemplateSyntaxError(
django.template.exceptions.TemplateSyntaxError: 'media' is not a registered tag library. Must be one of:
account
admin_list
admin_modify
admin_urls
allauth
cache
i18n
l10n
log
socialaccount
static
tz
ERROR 2026-02-16 20:47:22,583 basehttp "GET / HTTP/1.1" 500 196360
WARNING 2026-02-16 20:47:22,695 log Not Found: /favicon.ico
WARNING 2026-02-16 20:47:22,695 basehttp "GET /favicon.ico HTTP/1.1" 404 5040
ERROR 2026-02-16 20:47:42,688 log Internal Server Error: /
Traceback (most recent call last):
  File "C:\Users\ramir\AppData\Local\Programs\Python\Python312\Lib\site-packages\django\template\base.py", line 510, in parse
    compile_func = self.tags[command]
                   ~~~~~~~~~^^^^^^^^^
KeyError: 'media'

During handling of the above exception, another exception occurred:

Traceback (most recent call last):
  File "C:\Users\ramir\AppData\Local\Programs\Python\Python312\Lib\site-packages\django\core\handlers\exception.py", line 55, in inner
    response = get_response(request)
               ^^^^^^^^^^^^^^^^^^^^^
  File "C:\Users\ramir\AppData\Local\Programs\Python\Python312\Lib\site-packages\django\core\handlers\base.py", line 197, in _get_response
    response = wrapped_callback(request, *callback_args, **callback_kwargs)
               ^^^^^^^^^^^^^^^^^^^^^^^^^^^^^^^^^^^^^^^^^^^^^^^^^^^^^^^^^^^^
  File "C:\Users\ramir\OneDrive\Escritorio\MIFQIQ-DEV\professors_fqiq\views.py", line 73, in login_view
    return render(request, 'login.html')
           ^^^^^^^^^^^^^^^^^^^^^^^^^^^^^
  File "C:\Users\ramir\AppData\Local\Programs\Python\Python312\Lib\site-packages\django\shortcuts.py", line 25, in render
    content = loader.render_to_string(template_name, context, request, using=using)
              ^^^^^^^^^^^^^^^^^^^^^^^^^^^^^^^^^^^^^^^^^^^^^^^^^^^^^^^^^^^^^^^^^^^^^
  File "C:\Users\ramir\AppData\Local\Programs\Python\Python312\Lib\site-packages\django\template\loader.py", line 61, in render_to_string
    template = get_template(template_name, using=using)
               ^^^^^^^^^^^^^^^^^^^^^^^^^^^^^^^^^^^^^^^^
  File "C:\Users\ramir\AppData\Local\Programs\Python\Python312\Lib\site-packages\django\template\loader.py", line 15, in get_template
    return engine.get_template(template_name)
           ^^^^^^^^^^^^^^^^^^^^^^^^^^^^^^^^^^
  File "C:\Users\ramir\AppData\Local\Programs\Python\Python312\Lib\site-packages\django\template\backends\django.py", line 79, in get_template
    return Template(self.engine.get_template(template_name), self)
                    ^^^^^^^^^^^^^^^^^^^^^^^^^^^^^^^^^^^^^^^
  File "C:\Users\ramir\AppData\Local\Programs\Python\Python312\Lib\site-packages\django\template\engine.py", line 177, in get_template
    template, origin = self.find_template(template_name)
                       ^^^^^^^^^^^^^^^^^^^^^^^^^^^^^^^^^
  File "C:\Users\ramir\AppData\Local\Programs\Python\Python312\Lib\site-packages\django\template\engine.py", line 159, in find_template
    template = loader.get_template(name, skip=skip)
               ^^^^^^^^^^^^^^^^^^^^^^^^^^^^^^^^^^^^
  File "C:\Users\ramir\AppData\Local\Programs\Python\Python312\Lib\site-packages\django\template\loaders\cached.py", line 57, in get_template
    template = super().get_template(template_name, skip)
               ^^^^^^^^^^^^^^^^^^^^^^^^^^^^^^^^^^^^^^^^^
  File "C:\Users\ramir\AppData\Local\Programs\Python\Python312\Lib\site-packages\django\template\loaders\base.py", line 28, in get_template
    return Template(
           ^^^^^^^^^
  File "C:\Users\ramir\AppData\Local\Programs\Python\Python312\Lib\site-packages\django\template\base.py", line 154, in __init__
    self.nodelist = self.compile_nodelist()
                    ^^^^^^^^^^^^^^^^^^^^^^^
  File "C:\Users\ramir\AppData\Local\Programs\Python\Python312\Lib\site-packages\django\template\base.py", line 196, in compile_nodelist
    nodelist = parser.parse()
               ^^^^^^^^^^^^^^
  File "C:\Users\ramir\AppData\Local\Programs\Python\Python312\Lib\site-packages\django\template\base.py", line 518, in parse
    raise self.error(token, e)
  File "C:\Users\ramir\AppData\Local\Programs\Python\Python312\Lib\site-packages\django\template\base.py", line 516, in parse
    compiled_result = compile_func(self, token)
                      ^^^^^^^^^^^^^^^^^^^^^^^^^
  File "C:\Users\ramir\AppData\Local\Programs\Python\Python312\Lib\site-packages\django\template\loader_tags.py", line 299, in do_extends
    nodelist = parser.parse()
               ^^^^^^^^^^^^^^
  File "C:\Users\ramir\AppData\Local\Programs\Python\Python312\Lib\site-packages\django\template\base.py", line 518, in parse
    raise self.error(token, e)
  File "C:\Users\ramir\AppData\Local\Programs\Python\Python312\Lib\site-packages\django\template\base.py", line 516, in parse
    compiled_result = compile_func(self, token)
                      ^^^^^^^^^^^^^^^^^^^^^^^^^
  File "C:\Users\ramir\AppData\Local\Programs\Python\Python312\Lib\site-packages\django\template\loader_tags.py", line 234, in do_block
    nodelist = parser.parse(("endblock",))
               ^^^^^^^^^^^^^^^^^^^^^^^^^^^
  File "C:\Users\ramir\AppData\Local\Programs\Python\Python312\Lib\site-packages\django\template\base.py", line 512, in parse
    self.invalid_block_tag(token, command, parse_until)
  File "C:\Users\ramir\AppData\Local\Programs\Python\Python312\Lib\site-packages\django\template\base.py", line 567, in invalid_block_tag
    raise self.error(
django.template.exceptions.TemplateSyntaxError: Invalid block tag on line 25: 'media', expected 'endblock'. Did you forget to register or load this tag?
ERROR 2026-02-16 20:47:42,694 basehttp "GET / HTTP/1.1" 500 196399
ERROR 2026-02-16 20:48:02,729 log Internal Server Error: /
Traceback (most recent call last):
  File "C:\Users\ramir\AppData\Local\Programs\Python\Python312\Lib\site-packages\django\template\base.py", line 510, in parse
    compile_func = self.tags[command]
                   ~~~~~~~~~^^^^^^^^^
KeyError: 'Static'

During handling of the above exception, another exception occurred:

Traceback (most recent call last):
  File "C:\Users\ramir\AppData\Local\Programs\Python\Python312\Lib\site-packages\django\core\handlers\exception.py", line 55, in inner
    response = get_response(request)
               ^^^^^^^^^^^^^^^^^^^^^
  File "C:\Users\ramir\AppData\Local\Programs\Python\Python312\Lib\site-packages\django\core\handlers\base.py", line 197, in _get_response
    response = wrapped_callback(request, *callback_args, **callback_kwargs)
               ^^^^^^^^^^^^^^^^^^^^^^^^^^^^^^^^^^^^^^^^^^^^^^^^^^^^^^^^^^^^
  File "C:\Users\ramir\OneDrive\Escritorio\MIFQIQ-DEV\professors_fqiq\views.py", line 73, in login_view
    return render(request, 'login.html')
           ^^^^^^^^^^^^^^^^^^^^^^^^^^^^^
  File "C:\Users\ramir\AppData\Local\Programs\Python\Python312\Lib\site-packages\django\shortcuts.py", line 25, in render
    content = loader.render_to_string(template_name, context, request, using=using)
              ^^^^^^^^^^^^^^^^^^^^^^^^^^^^^^^^^^^^^^^^^^^^^^^^^^^^^^^^^^^^^^^^^^^^^
  File "C:\Users\ramir\AppData\Local\Programs\Python\Python312\Lib\site-packages\django\template\loader.py", line 61, in render_to_string
    template = get_template(template_name, using=using)
               ^^^^^^^^^^^^^^^^^^^^^^^^^^^^^^^^^^^^^^^^
  File "C:\Users\ramir\AppData\Local\Programs\Python\Python312\Lib\site-packages\django\template\loader.py", line 15, in get_template
    return engine.get_template(template_name)
           ^^^^^^^^^^^^^^^^^^^^^^^^^^^^^^^^^^
  File "C:\Users\ramir\AppData\Local\Programs\Python\Python312\Lib\site-packages\django\template\backends\django.py", line 79, in get_template
    return Template(self.engine.get_template(template_name), self)
                    ^^^^^^^^^^^^^^^^^^^^^^^^^^^^^^^^^^^^^^^
  File "C:\Users\ramir\AppData\Local\Programs\Python\Python312\Lib\site-packages\django\template\engine.py", line 177, in get_template
    template, origin = self.find_template(template_name)
                       ^^^^^^^^^^^^^^^^^^^^^^^^^^^^^^^^^
  File "C:\Users\ramir\AppData\Local\Programs\Python\Python312\Lib\site-packages\django\template\engine.py", line 159, in find_template
    template = loader.get_template(name, skip=skip)
               ^^^^^^^^^^^^^^^^^^^^^^^^^^^^^^^^^^^^
  File "C:\Users\ramir\AppData\Local\Programs\Python\Python312\Lib\site-packages\django\template\loaders\cached.py", line 57, in get_template
    template = super().get_template(template_name, skip)
               ^^^^^^^^^^^^^^^^^^^^^^^^^^^^^^^^^^^^^^^^^
  File "C:\Users\ramir\AppData\Local\Programs\Python\Python312\Lib\site-packages\django\template\loaders\base.py", line 28, in get_template
    return Template(
           ^^^^^^^^^
  File "C:\Users\ramir\AppData\Local\Programs\Python\Python312\Lib\site-packages\django\template\base.py", line 154, in __init__
    self.nodelist = self.compile_nodelist()
                    ^^^^^^^^^^^^^^^^^^^^^^^
  File "C:\Users\ramir\AppData\Local\Programs\Python\Python312\Lib\site-packages\django\template\base.py", line 196, in compile_nodelist
    nodelist = parser.parse()
               ^^^^^^^^^^^^^^
  File "C:\Users\ramir\AppData\Local\Programs\Python\Python312\Lib\site-packages\django\template\base.py", line 518, in parse
    raise self.error(token, e)
  File "C:\Users\ramir\AppData\Local\Programs\Python\Python312\Lib\site-packages\django\template\base.py", line 516, in parse
    compiled_result = compile_func(self, token)
                      ^^^^^^^^^^^^^^^^^^^^^^^^^
  File "C:\Users\ramir\AppData\Local\Programs\Python\Python312\Lib\site-packages\django\template\loader_tags.py", line 299, in do_extends
    nodelist = parser.parse()
               ^^^^^^^^^^^^^^
  File "C:\Users\ramir\AppData\Local\Programs\Python\Python312\Lib\site-packages\django\template\base.py", line 518, in parse
    raise self.error(token, e)
  File "C:\Users\ramir\AppData\Local\Programs\Python\Python312\Lib\site-packages\django\template\base.py", line 516, in parse
    compiled_result = compile_func(self, token)
                      ^^^^^^^^^^^^^^^^^^^^^^^^^
  File "C:\Users\ramir\AppData\Local\Programs\Python\Python312\Lib\site-packages\django\template\loader_tags.py", line 234, in do_block
    nodelist = parser.parse(("endblock",))
               ^^^^^^^^^^^^^^^^^^^^^^^^^^^
  File "C:\Users\ramir\AppData\Local\Programs\Python\Python312\Lib\site-packages\django\template\base.py", line 512, in parse
    self.invalid_block_tag(token, command, parse_until)
  File "C:\Users\ramir\AppData\Local\Programs\Python\Python312\Lib\site-packages\django\template\base.py", line 567, in invalid_block_tag
    raise self.error(
django.template.exceptions.TemplateSyntaxError: Invalid block tag on line 25: 'Static', expected 'endblock'. Did you forget to register or load this tag?
ERROR 2026-02-16 20:48:02,732 basehttp "GET / HTTP/1.1" 500 196542
WARNING 2026-02-16 20:48:02,793 log Not Found: /favicon.ico
WARNING 2026-02-16 20:48:02,794 basehttp "GET /favicon.ico HTTP/1.1" 404 5040
WARNING 2026-02-16 20:48:07,226 basehttp "GET /static/img/home-fqiq.jpg HTTP/1.1" 404 1865
WARNING 2026-02-16 20:48:11,805 basehttp "GET /static/img/home-fqiq.jpg HTTP/1.1" 404 1865
WARNING 2026-02-16 20:48:12,701 basehttp "GET /static/img/home-fqiq.jpg HTTP/1.1" 404 1865
WARNING 2026-02-16 20:48:13,139 basehttp "GET /static/img/home-fqiq.jpg HTTP/1.1" 404 1865
WARNING 2026-02-16 20:48:31,436 basehttp "GET /static/media/img/home-fqiq.jpg HTTP/1.1" 404 1883
WARNING 2026-02-16 20:49:19,800 basehttp "GET /static/media/img/home-fqiq.jpg HTTP/1.1" 404 1883
WARNING 2026-02-16 20:51:33,707 log Not Found: /.well-known/appspecific/com.chrome.devtools.json
WARNING 2026-02-16 20:51:33,707 basehttp "GET /.well-known/appspecific/com.chrome.devtools.json HTTP/1.1" 404 5151
WARNING 2026-02-16 20:51:47,503 log Not Found: /.well-known/appspecific/com.chrome.devtools.json
WARNING 2026-02-16 20:51:47,504 basehttp "GET /.well-known/appspecific/com.chrome.devtools.json HTTP/1.1" 404 5151
WARNING 2026-02-16 20:51:49,754 log Not Found: /.well-known/appspecific/com.chrome.devtools.json
WARNING 2026-02-16 20:51:49,755 basehttp "GET /.well-known/appspecific/com.chrome.devtools.json HTTP/1.1" 404 5151
WARNING 2026-02-16 20:52:49,334 log Not Found: /.well-known/appspecific/com.chrome.devtools.json
WARNING 2026-02-16 20:52:49,334 basehttp "GET /.well-known/appspecific/com.chrome.devtools.json HTTP/1.1" 404 5151
WARNING 2026-02-16 20:52:55,145 log Not Found: /.well-known/appspecific/com.chrome.devtools.json
WARNING 2026-02-16 20:52:55,152 basehttp "GET /.well-known/appspecific/com.chrome.devtools.json HTTP/1.1" 404 5151
WARNING 2026-02-16 20:53:16,081 log Not Found: /.well-known/appspecific/com.chrome.devtools.json
WARNING 2026-02-16 20:53:16,082 basehttp "GET /.well-known/appspecific/com.chrome.devtools.json HTTP/1.1" 404 5151
WARNING 2026-02-16 20:53:20,227 log Not Found: /.well-known/appspecific/com.chrome.devtools.json
WARNING 2026-02-16 20:53:20,232 basehttp "GET /.well-known/appspecific/com.chrome.devtools.json HTTP/1.1" 404 5151
WARNING 2026-02-16 20:53:24,624 log Not Found: /.well-known/appspecific/com.chrome.devtools.json
WARNING 2026-02-16 20:53:24,631 basehttp "GET /.well-known/appspecific/com.chrome.devtools.json HTTP/1.1" 404 5151
WARNING 2026-02-16 20:53:28,829 log Not Found: /.well-known/appspecific/com.chrome.devtools.json
WARNING 2026-02-16 20:53:28,831 basehttp "GET /.well-known/appspecific/com.chrome.devtools.json HTTP/1.1" 404 5151
WARNING 2026-02-16 20:53:34,814 log Not Found: /.well-known/appspecific/com.chrome.devtools.json
WARNING 2026-02-16 20:53:34,820 basehttp "GET /.well-known/appspecific/com.chrome.devtools.json HTTP/1.1" 404 5151
WARNING 2026-02-16 20:53:37,996 log Not Found: /.well-known/appspecific/com.chrome.devtools.json
WARNING 2026-02-16 20:53:38,000 basehttp "GET /.well-known/appspecific/com.chrome.devtools.json HTTP/1.1" 404 5151
WARNING 2026-02-16 22:12:32,780 log Not Found: /favicon.ico
WARNING 2026-02-16 22:12:32,780 basehttp "GET /favicon.ico HTTP/1.1" 404 5040
ERROR 2026-02-18 11:31:03,923 log Invalid HTTP_HOST header: '127.0.0.1:8000'. You may need to add '127.0.0.1' to ALLOWED_HOSTS.
Traceback (most recent call last):
  File "C:\Users\ramir\AppData\Local\Programs\Python\Python312\Lib\site-packages\django\core\handlers\exception.py", line 55, in inner
    response = get_response(request)
               ^^^^^^^^^^^^^^^^^^^^^
  File "C:\Users\ramir\AppData\Local\Programs\Python\Python312\Lib\site-packages\django\utils\deprecation.py", line 119, in __call__
    response = self.process_request(request)
               ^^^^^^^^^^^^^^^^^^^^^^^^^^^^^
  File "C:\Users\ramir\AppData\Local\Programs\Python\Python312\Lib\site-packages\django\middleware\common.py", line 48, in process_request
    host = request.get_host()
           ^^^^^^^^^^^^^^^^^^
  File "C:\Users\ramir\AppData\Local\Programs\Python\Python312\Lib\site-packages\django\http\request.py", line 202, in get_host
    raise DisallowedHost(msg)
django.core.exceptions.DisallowedHost: Invalid HTTP_HOST header: '127.0.0.1:8000'. You may need to add '127.0.0.1' to ALLOWED_HOSTS.
WARNING 2026-02-18 11:31:03,928 basehttp "GET / HTTP/1.1" 400 77307
ERROR 2026-02-18 11:31:04,148 log Invalid HTTP_HOST header: '127.0.0.1:8000'. You may need to add '127.0.0.1' to ALLOWED_HOSTS.
Traceback (most recent call last):
  File "C:\Users\ramir\AppData\Local\Programs\Python\Python312\Lib\site-packages\django\core\handlers\exception.py", line 55, in inner
    response = get_response(request)
               ^^^^^^^^^^^^^^^^^^^^^
  File "C:\Users\ramir\AppData\Local\Programs\Python\Python312\Lib\site-packages\django\utils\deprecation.py", line 119, in __call__
    response = self.process_request(request)
               ^^^^^^^^^^^^^^^^^^^^^^^^^^^^^
  File "C:\Users\ramir\AppData\Local\Programs\Python\Python312\Lib\site-packages\django\middleware\common.py", line 48, in process_request
    host = request.get_host()
           ^^^^^^^^^^^^^^^^^^
  File "C:\Users\ramir\AppData\Local\Programs\Python\Python312\Lib\site-packages\django\http\request.py", line 202, in get_host
    raise DisallowedHost(msg)
django.core.exceptions.DisallowedHost: Invalid HTTP_HOST header: '127.0.0.1:8000'. You may need to add '127.0.0.1' to ALLOWED_HOSTS.
WARNING 2026-02-18 11:31:04,151 basehttp "GET /favicon.ico HTTP/1.1" 400 77122
ERROR 2026-02-18 19:16:29,561 log Invalid HTTP_HOST header: '127.0.0.1:8000'. You may need to add '127.0.0.1' to ALLOWED_HOSTS.
Traceback (most recent call last):
  File "C:\Users\ramir\OneDrive\Documentos\GitHub\MiFQIQ-dev\venv\Lib\site-packages\django\core\handlers\exception.py", line 55, in inner
    response = get_response(request)
               ^^^^^^^^^^^^^^^^^^^^^
  File "C:\Users\ramir\OneDrive\Documentos\GitHub\MiFQIQ-dev\venv\Lib\site-packages\django\utils\deprecation.py", line 119, in __call__
    response = self.process_request(request)
               ^^^^^^^^^^^^^^^^^^^^^^^^^^^^^
  File "C:\Users\ramir\OneDrive\Documentos\GitHub\MiFQIQ-dev\venv\Lib\site-packages\django\middleware\security.py", line 28, in process_request
    host = self.redirect_host or request.get_host()
                                 ^^^^^^^^^^^^^^^^^^
  File "C:\Users\ramir\OneDrive\Documentos\GitHub\MiFQIQ-dev\venv\Lib\site-packages\django\http\request.py", line 202, in get_host
    raise DisallowedHost(msg)
django.core.exceptions.DisallowedHost: Invalid HTTP_HOST header: '127.0.0.1:8000'. You may need to add '127.0.0.1' to ALLOWED_HOSTS.
WARNING 2026-02-18 19:16:29,561 basehttp "GET / HTTP/1.1" 400 79438
ERROR 2026-02-18 19:16:29,729 log Invalid HTTP_HOST header: '127.0.0.1:8000'. You may need to add '127.0.0.1' to ALLOWED_HOSTS.
Traceback (most recent call last):
  File "C:\Users\ramir\OneDrive\Documentos\GitHub\MiFQIQ-dev\venv\Lib\site-packages\django\core\handlers\exception.py", line 55, in inner
    response = get_response(request)
               ^^^^^^^^^^^^^^^^^^^^^
  File "C:\Users\ramir\OneDrive\Documentos\GitHub\MiFQIQ-dev\venv\Lib\site-packages\django\utils\deprecation.py", line 119, in __call__
    response = self.process_request(request)
               ^^^^^^^^^^^^^^^^^^^^^^^^^^^^^
  File "C:\Users\ramir\OneDrive\Documentos\GitHub\MiFQIQ-dev\venv\Lib\site-packages\django\middleware\security.py", line 28, in process_request
    host = self.redirect_host or request.get_host()
                                 ^^^^^^^^^^^^^^^^^^
  File "C:\Users\ramir\OneDrive\Documentos\GitHub\MiFQIQ-dev\venv\Lib\site-packages\django\http\request.py", line 202, in get_host
    raise DisallowedHost(msg)
django.core.exceptions.DisallowedHost: Invalid HTTP_HOST header: '127.0.0.1:8000'. You may need to add '127.0.0.1' to ALLOWED_HOSTS.
WARNING 2026-02-18 19:16:29,732 basehttp "GET /favicon.ico HTTP/1.1" 400 79264
ERROR 2026-02-18 19:17:03,378 log Invalid HTTP_HOST header: '127.0.0.1:8000'. You may need to add '127.0.0.1' to ALLOWED_HOSTS.
Traceback (most recent call last):
  File "C:\Users\ramir\OneDrive\Documentos\GitHub\MiFQIQ-dev\venv\Lib\site-packages\django\core\handlers\exception.py", line 55, in inner
    response = get_response(request)
               ^^^^^^^^^^^^^^^^^^^^^
  File "C:\Users\ramir\OneDrive\Documentos\GitHub\MiFQIQ-dev\venv\Lib\site-packages\django\utils\deprecation.py", line 119, in __call__
    response = self.process_request(request)
               ^^^^^^^^^^^^^^^^^^^^^^^^^^^^^
  File "C:\Users\ramir\OneDrive\Documentos\GitHub\MiFQIQ-dev\venv\Lib\site-packages\django\middleware\security.py", line 28, in process_request
    host = self.redirect_host or request.get_host()
                                 ^^^^^^^^^^^^^^^^^^
  File "C:\Users\ramir\OneDrive\Documentos\GitHub\MiFQIQ-dev\venv\Lib\site-packages\django\http\request.py", line 202, in get_host
    raise DisallowedHost(msg)
django.core.exceptions.DisallowedHost: Invalid HTTP_HOST header: '127.0.0.1:8000'. You may need to add '127.0.0.1' to ALLOWED_HOSTS.
WARNING 2026-02-18 19:17:03,384 basehttp "GET / HTTP/1.1" 400 79494
ERROR 2026-02-18 19:17:03,526 log Invalid HTTP_HOST header: '127.0.0.1:8000'. You may need to add '127.0.0.1' to ALLOWED_HOSTS.
Traceback (most recent call last):
  File "C:\Users\ramir\OneDrive\Documentos\GitHub\MiFQIQ-dev\venv\Lib\site-packages\django\core\handlers\exception.py", line 55, in inner
    response = get_response(request)
               ^^^^^^^^^^^^^^^^^^^^^
  File "C:\Users\ramir\OneDrive\Documentos\GitHub\MiFQIQ-dev\venv\Lib\site-packages\django\utils\deprecation.py", line 119, in __call__
    response = self.process_request(request)
               ^^^^^^^^^^^^^^^^^^^^^^^^^^^^^
  File "C:\Users\ramir\OneDrive\Documentos\GitHub\MiFQIQ-dev\venv\Lib\site-packages\django\middleware\security.py", line 28, in process_request
    host = self.redirect_host or request.get_host()
                                 ^^^^^^^^^^^^^^^^^^
  File "C:\Users\ramir\OneDrive\Documentos\GitHub\MiFQIQ-dev\venv\Lib\site-packages\django\http\request.py", line 202, in get_host
    raise DisallowedHost(msg)
django.core.exceptions.DisallowedHost: Invalid HTTP_HOST header: '127.0.0.1:8000'. You may need to add '127.0.0.1' to ALLOWED_HOSTS.
WARNING 2026-02-18 19:17:03,528 basehttp "GET /favicon.ico HTTP/1.1" 400 79320
ERROR 2026-02-18 19:17:18,084 basehttp You're accessing the development server over HTTPS, but it only supports HTTP.
ERROR 2026-02-18 19:17:18,085 basehttp You're accessing the development server over HTTPS, but it only supports HTTP.
ERROR 2026-02-18 19:17:33,021 basehttp You're accessing the development server over HTTPS, but it only supports HTTP.
ERROR 2026-02-18 19:17:33,026 basehttp You're accessing the development server over HTTPS, but it only supports HTTP.
ERROR 2026-03-15 19:02:09,783 log Invalid HTTP_HOST header: '127.0.0.1:9000'. You may need to add '127.0.0.1' to ALLOWED_HOSTS.
Traceback (most recent call last):
  File "C:\Users\ramir\OneDrive\Documentos\GitHub\MiFQIQ-dev\venv\Lib\site-packages\django\core\handlers\exception.py", line 55, in inner
    response = get_response(request)
               ^^^^^^^^^^^^^^^^^^^^^
  File "C:\Users\ramir\OneDrive\Documentos\GitHub\MiFQIQ-dev\venv\Lib\site-packages\django\utils\deprecation.py", line 119, in __call__
    response = self.process_request(request)
               ^^^^^^^^^^^^^^^^^^^^^^^^^^^^^
  File "C:\Users\ramir\OneDrive\Documentos\GitHub\MiFQIQ-dev\venv\Lib\site-packages\django\middleware\security.py", line 28, in process_request
    host = self.redirect_host or request.get_host()
                                 ^^^^^^^^^^^^^^^^^^
  File "C:\Users\ramir\OneDrive\Documentos\GitHub\MiFQIQ-dev\venv\Lib\site-packages\django\http\request.py", line 202, in get_host
    raise DisallowedHost(msg)
django.core.exceptions.DisallowedHost: Invalid HTTP_HOST header: '127.0.0.1:9000'. You may need to add '127.0.0.1' to ALLOWED_HOSTS.
WARNING 2026-03-15 19:02:09,893 basehttp "GET / HTTP/1.1" 400 143
ERROR 2026-03-15 19:02:09,970 log Invalid HTTP_HOST header: '127.0.0.1:9000'. You may need to add '127.0.0.1' to ALLOWED_HOSTS.
Traceback (most recent call last):
  File "C:\Users\ramir\OneDrive\Documentos\GitHub\MiFQIQ-dev\venv\Lib\site-packages\django\core\handlers\exception.py", line 55, in inner
    response = get_response(request)
               ^^^^^^^^^^^^^^^^^^^^^
  File "C:\Users\ramir\OneDrive\Documentos\GitHub\MiFQIQ-dev\venv\Lib\site-packages\django\utils\deprecation.py", line 119, in __call__
    response = self.process_request(request)
               ^^^^^^^^^^^^^^^^^^^^^^^^^^^^^
  File "C:\Users\ramir\OneDrive\Documentos\GitHub\MiFQIQ-dev\venv\Lib\site-packages\django\middleware\security.py", line 28, in process_request
    host = self.redirect_host or request.get_host()
                                 ^^^^^^^^^^^^^^^^^^
  File "C:\Users\ramir\OneDrive\Documentos\GitHub\MiFQIQ-dev\venv\Lib\site-packages\django\http\request.py", line 202, in get_host
    raise DisallowedHost(msg)
django.core.exceptions.DisallowedHost: Invalid HTTP_HOST header: '127.0.0.1:9000'. You may need to add '127.0.0.1' to ALLOWED_HOSTS.
WARNING 2026-03-15 19:02:09,972 basehttp "GET /favicon.ico HTTP/1.1" 400 143
ERROR 2026-03-22 18:21:09,302 log Invalid HTTP_HOST header: '127.0.0.1:8000'. You may need to add '127.0.0.1' to ALLOWED_HOSTS.
Traceback (most recent call last):
  File "C:\Users\ramir\OneDrive\Documentos\GitHub\MiFQIQ-dev\venv\Lib\site-packages\django\core\handlers\exception.py", line 55, in inner
    response = get_response(request)
               ^^^^^^^^^^^^^^^^^^^^^
  File "C:\Users\ramir\OneDrive\Documentos\GitHub\MiFQIQ-dev\venv\Lib\site-packages\django\utils\deprecation.py", line 119, in __call__
    response = self.process_request(request)
               ^^^^^^^^^^^^^^^^^^^^^^^^^^^^^
  File "C:\Users\ramir\OneDrive\Documentos\GitHub\MiFQIQ-dev\venv\Lib\site-packages\django\middleware\security.py", line 28, in process_request
    host = self.redirect_host or request.get_host()
                                 ^^^^^^^^^^^^^^^^^^
  File "C:\Users\ramir\OneDrive\Documentos\GitHub\MiFQIQ-dev\venv\Lib\site-packages\django\http\request.py", line 202, in get_host
    raise DisallowedHost(msg)
django.core.exceptions.DisallowedHost: Invalid HTTP_HOST header: '127.0.0.1:8000'. You may need to add '127.0.0.1' to ALLOWED_HOSTS.
WARNING 2026-03-22 18:21:09,448 basehttp "GET / HTTP/1.1" 400 143
ERROR 2026-03-22 18:21:09,521 log Invalid HTTP_HOST header: '127.0.0.1:8000'. You may need to add '127.0.0.1' to ALLOWED_HOSTS.
Traceback (most recent call last):
  File "C:\Users\ramir\OneDrive\Documentos\GitHub\MiFQIQ-dev\venv\Lib\site-packages\django\core\handlers\exception.py", line 55, in inner
    response = get_response(request)
               ^^^^^^^^^^^^^^^^^^^^^
  File "C:\Users\ramir\OneDrive\Documentos\GitHub\MiFQIQ-dev\venv\Lib\site-packages\django\utils\deprecation.py", line 119, in __call__
    response = self.process_request(request)
               ^^^^^^^^^^^^^^^^^^^^^^^^^^^^^
  File "C:\Users\ramir\OneDrive\Documentos\GitHub\MiFQIQ-dev\venv\Lib\site-packages\django\middleware\security.py", line 28, in process_request
    host = self.redirect_host or request.get_host()
                                 ^^^^^^^^^^^^^^^^^^
  File "C:\Users\ramir\OneDrive\Documentos\GitHub\MiFQIQ-dev\venv\Lib\site-packages\django\http\request.py", line 202, in get_host
    raise DisallowedHost(msg)
django.core.exceptions.DisallowedHost: Invalid HTTP_HOST header: '127.0.0.1:8000'. You may need to add '127.0.0.1' to ALLOWED_HOSTS.
WARNING 2026-03-22 18:21:09,523 basehttp "GET /favicon.ico HTTP/1.1" 400 143
ERROR 2026-03-22 18:21:44,985 log Invalid HTTP_HOST header: '127.0.0.1:8000'. You may need to add '127.0.0.1' to ALLOWED_HOSTS.
Traceback (most recent call last):
  File "C:\Users\ramir\OneDrive\Documentos\GitHub\MiFQIQ-dev\venv\Lib\site-packages\django\core\handlers\exception.py", line 55, in inner
    response = get_response(request)
               ^^^^^^^^^^^^^^^^^^^^^
  File "C:\Users\ramir\OneDrive\Documentos\GitHub\MiFQIQ-dev\venv\Lib\site-packages\django\utils\deprecation.py", line 119, in __call__
    response = self.process_request(request)
               ^^^^^^^^^^^^^^^^^^^^^^^^^^^^^
  File "C:\Users\ramir\OneDrive\Documentos\GitHub\MiFQIQ-dev\venv\Lib\site-packages\django\middleware\security.py", line 28, in process_request
    host = self.redirect_host or request.get_host()
                                 ^^^^^^^^^^^^^^^^^^
  File "C:\Users\ramir\OneDrive\Documentos\GitHub\MiFQIQ-dev\venv\Lib\site-packages\django\http\request.py", line 202, in get_host
    raise DisallowedHost(msg)
django.core.exceptions.DisallowedHost: Invalid HTTP_HOST header: '127.0.0.1:8000'. You may need to add '127.0.0.1' to ALLOWED_HOSTS.
WARNING 2026-03-22 18:21:44,988 basehttp "GET / HTTP/1.1" 400 143
ERROR 2026-03-22 18:21:45,039 log Invalid HTTP_HOST header: '127.0.0.1:8000'. You may need to add '127.0.0.1' to ALLOWED_HOSTS.
Traceback (most recent call last):
  File "C:\Users\ramir\OneDrive\Documentos\GitHub\MiFQIQ-dev\venv\Lib\site-packages\django\core\handlers\exception.py", line 55, in inner
    response = get_response(request)
               ^^^^^^^^^^^^^^^^^^^^^
  File "C:\Users\ramir\OneDrive\Documentos\GitHub\MiFQIQ-dev\venv\Lib\site-packages\django\utils\deprecation.py", line 119, in __call__
    response = self.process_request(request)
               ^^^^^^^^^^^^^^^^^^^^^^^^^^^^^
  File "C:\Users\ramir\OneDrive\Documentos\GitHub\MiFQIQ-dev\venv\Lib\site-packages\django\middleware\security.py", line 28, in process_request
    host = self.redirect_host or request.get_host()
                                 ^^^^^^^^^^^^^^^^^^
  File "C:\Users\ramir\OneDrive\Documentos\GitHub\MiFQIQ-dev\venv\Lib\site-packages\django\http\request.py", line 202, in get_host
    raise DisallowedHost(msg)
django.core.exceptions.DisallowedHost: Invalid HTTP_HOST header: '127.0.0.1:8000'. You may need to add '127.0.0.1' to ALLOWED_HOSTS.
WARNING 2026-03-22 18:21:45,040 basehttp "GET /favicon.ico HTTP/1.1" 400 143
ERROR 2026-03-22 18:27:26,331 log Invalid HTTP_HOST header: '127.0.0.1:8000'. You may need to add '127.0.0.1' to ALLOWED_HOSTS.
Traceback (most recent call last):
  File "C:\Users\ramir\OneDrive\Documentos\GitHub\MiFQIQ-dev\venv\Lib\site-packages\django\core\handlers\exception.py", line 55, in inner
    response = get_response(request)
               ^^^^^^^^^^^^^^^^^^^^^
  File "C:\Users\ramir\OneDrive\Documentos\GitHub\MiFQIQ-dev\venv\Lib\site-packages\django\utils\deprecation.py", line 119, in __call__
    response = self.process_request(request)
               ^^^^^^^^^^^^^^^^^^^^^^^^^^^^^
  File "C:\Users\ramir\OneDrive\Documentos\GitHub\MiFQIQ-dev\venv\Lib\site-packages\django\middleware\security.py", line 28, in process_request
    host = self.redirect_host or request.get_host()
                                 ^^^^^^^^^^^^^^^^^^
  File "C:\Users\ramir\OneDrive\Documentos\GitHub\MiFQIQ-dev\venv\Lib\site-packages\django\http\request.py", line 202, in get_host
    raise DisallowedHost(msg)
django.core.exceptions.DisallowedHost: Invalid HTTP_HOST header: '127.0.0.1:8000'. You may need to add '127.0.0.1' to ALLOWED_HOSTS.
WARNING 2026-03-22 18:27:26,333 basehttp "GET / HTTP/1.1" 400 143
ERROR 2026-03-22 18:27:26,374 log Invalid HTTP_HOST header: '127.0.0.1:8000'. You may need to add '127.0.0.1' to ALLOWED_HOSTS.
Traceback (most recent call last):
  File "C:\Users\ramir\OneDrive\Documentos\GitHub\MiFQIQ-dev\venv\Lib\site-packages\django\core\handlers\exception.py", line 55, in inner
    response = get_response(request)
               ^^^^^^^^^^^^^^^^^^^^^
  File "C:\Users\ramir\OneDrive\Documentos\GitHub\MiFQIQ-dev\venv\Lib\site-packages\django\utils\deprecation.py", line 119, in __call__
    response = self.process_request(request)
               ^^^^^^^^^^^^^^^^^^^^^^^^^^^^^
  File "C:\Users\ramir\OneDrive\Documentos\GitHub\MiFQIQ-dev\venv\Lib\site-packages\django\middleware\security.py", line 28, in process_request
    host = self.redirect_host or request.get_host()
                                 ^^^^^^^^^^^^^^^^^^
  File "C:\Users\ramir\OneDrive\Documentos\GitHub\MiFQIQ-dev\venv\Lib\site-packages\django\http\request.py", line 202, in get_host
    raise DisallowedHost(msg)
django.core.exceptions.DisallowedHost: Invalid HTTP_HOST header: '127.0.0.1:8000'. You may need to add '127.0.0.1' to ALLOWED_HOSTS.
WARNING 2026-03-22 18:27:26,377 basehttp "GET /favicon.ico HTTP/1.1" 400 143
ERROR 2026-03-22 18:28:22,562 log Invalid HTTP_HOST header: '127.0.0.1:8000'. You may need to add '127.0.0.1' to ALLOWED_HOSTS.
Traceback (most recent call last):
  File "C:\Users\ramir\OneDrive\Documentos\GitHub\MiFQIQ-dev\venv\Lib\site-packages\django\core\handlers\exception.py", line 55, in inner
    response = get_response(request)
               ^^^^^^^^^^^^^^^^^^^^^
  File "C:\Users\ramir\OneDrive\Documentos\GitHub\MiFQIQ-dev\venv\Lib\site-packages\django\utils\deprecation.py", line 119, in __call__
    response = self.process_request(request)
               ^^^^^^^^^^^^^^^^^^^^^^^^^^^^^
  File "C:\Users\ramir\OneDrive\Documentos\GitHub\MiFQIQ-dev\venv\Lib\site-packages\django\middleware\security.py", line 28, in process_request
    host = self.redirect_host or request.get_host()
                                 ^^^^^^^^^^^^^^^^^^
  File "C:\Users\ramir\OneDrive\Documentos\GitHub\MiFQIQ-dev\venv\Lib\site-packages\django\http\request.py", line 202, in get_host
    raise DisallowedHost(msg)
django.core.exceptions.DisallowedHost: Invalid HTTP_HOST header: '127.0.0.1:8000'. You may need to add '127.0.0.1' to ALLOWED_HOSTS.
WARNING 2026-03-22 18:28:22,567 basehttp "GET / HTTP/1.1" 400 143
ERROR 2026-03-22 18:28:22,641 log Invalid HTTP_HOST header: '127.0.0.1:8000'. You may need to add '127.0.0.1' to ALLOWED_HOSTS.
Traceback (most recent call last):
  File "C:\Users\ramir\OneDrive\Documentos\GitHub\MiFQIQ-dev\venv\Lib\site-packages\django\core\handlers\exception.py", line 55, in inner
    response = get_response(request)
               ^^^^^^^^^^^^^^^^^^^^^
  File "C:\Users\ramir\OneDrive\Documentos\GitHub\MiFQIQ-dev\venv\Lib\site-packages\django\utils\deprecation.py", line 119, in __call__
    response = self.process_request(request)
               ^^^^^^^^^^^^^^^^^^^^^^^^^^^^^
  File "C:\Users\ramir\OneDrive\Documentos\GitHub\MiFQIQ-dev\venv\Lib\site-packages\django\middleware\security.py", line 28, in process_request
    host = self.redirect_host or request.get_host()
                                 ^^^^^^^^^^^^^^^^^^
  File "C:\Users\ramir\OneDrive\Documentos\GitHub\MiFQIQ-dev\venv\Lib\site-packages\django\http\request.py", line 202, in get_host
    raise DisallowedHost(msg)
django.core.exceptions.DisallowedHost: Invalid HTTP_HOST header: '127.0.0.1:8000'. You may need to add '127.0.0.1' to ALLOWED_HOSTS.
WARNING 2026-03-22 18:28:22,641 basehttp "GET /favicon.ico HTTP/1.1" 400 143
ERROR 2026-03-22 18:29:32,239 basehttp You're accessing the development server over HTTPS, but it only supports HTTP.
ERROR 2026-03-22 18:29:32,243 basehttp You're accessing the development server over HTTPS, but it only supports HTTP.
ERROR 2026-03-22 18:29:47,797 basehttp You're accessing the development server over HTTPS, but it only supports HTTP.
ERROR 2026-03-22 18:29:47,802 basehttp You're accessing the development server over HTTPS, but it only supports HTTP.
ERROR 2026-03-22 18:30:02,436 basehttp You're accessing the development server over HTTPS, but it only supports HTTP.
ERROR 2026-03-22 18:30:02,439 basehttp You're accessing the development server over HTTPS, but it only supports HTTP.
ERROR 2026-03-22 18:32:48,746 basehttp You're accessing the development server over HTTPS, but it only supports HTTP.
ERROR 2026-03-22 18:32:48,746 basehttp You're accessing the development server over HTTPS, but it only supports HTTP.
ERROR 2026-03-22 18:32:48,751 basehttp You're accessing the development server over HTTPS, but it only supports HTTP.
ERROR 2026-03-22 18:32:48,752 basehttp You're accessing the development server over HTTPS, but it only supports HTTP.
ERROR 2026-03-22 18:33:26,121 basehttp You're accessing the development server over HTTPS, but it only supports HTTP.
ERROR 2026-03-22 18:33:26,122 basehttp You're accessing the development server over HTTPS, but it only supports HTTP.
ERROR 2026-03-22 18:33:42,897 basehttp You're accessing the development server over HTTPS, but it only supports HTTP.
ERROR 2026-03-22 18:33:42,899 basehttp You're accessing the development server over HTTPS, but it only supports HTTP.
ERROR 2026-03-22 18:34:24,322 basehttp You're accessing the development server over HTTPS, but it only supports HTTP.
ERROR 2026-03-22 18:34:24,322 basehttp You're accessing the development server over HTTPS, but it only supports HTTP.
ERROR 2026-03-22 18:34:24,322 basehttp You're accessing the development server over HTTPS, but it only supports HTTP.
ERROR 2026-03-22 18:34:24,322 basehttp You're accessing the development server over HTTPS, but it only supports HTTP.
ERROR 2026-03-22 18:34:24,759 basehttp You're accessing the development server over HTTPS, but it only supports HTTP.
ERROR 2026-03-22 18:34:24,759 basehttp You're accessing the development server over HTTPS, but it only supports HTTP.
ERROR 2026-03-22 18:34:24,764 basehttp You're accessing the development server over HTTPS, but it only supports HTTP.
ERROR 2026-03-22 18:34:24,764 basehttp You're accessing the development server over HTTPS, but it only supports HTTP.
ERROR 2026-03-22 18:34:24,911 basehttp You're accessing the development server over HTTPS, but it only supports HTTP.
ERROR 2026-03-22 18:34:24,911 basehttp You're accessing the development server over HTTPS, but it only supports HTTP.
ERROR 2026-03-22 18:34:24,912 basehttp You're accessing the development server over HTTPS, but it only supports HTTP.
ERROR 2026-03-22 18:34:24,912 basehttp You're accessing the development server over HTTPS, but it only supports HTTP.
ERROR 2026-03-22 18:34:25,047 basehttp You're accessing the development server over HTTPS, but it only supports HTTP.
ERROR 2026-03-22 18:34:25,047 basehttp You're accessing the development server over HTTPS, but it only supports HTTP.
ERROR 2026-03-22 18:34:25,047 basehttp You're accessing the development server over HTTPS, but it only supports HTTP.
ERROR 2026-03-22 18:34:25,047 basehttp You're accessing the development server over HTTPS, but it only supports HTTP.
ERROR 2026-03-22 18:34:25,169 basehttp You're accessing the development server over HTTPS, but it only supports HTTP.
ERROR 2026-03-22 18:34:25,173 basehttp You're accessing the development server over HTTPS, but it only supports HTTP.
ERROR 2026-03-22 18:34:25,173 basehttp You're accessing the development server over HTTPS, but it only supports HTTP.
ERROR 2026-03-22 18:34:25,173 basehttp You're accessing the development server over HTTPS, but it only supports HTTP.
ERROR 2026-03-22 18:34:25,314 basehttp You're accessing the development server over HTTPS, but it only supports HTTP.
ERROR 2026-03-22 18:34:25,316 basehttp You're accessing the development server over HTTPS, but it only supports HTTP.
ERROR 2026-03-22 18:34:25,316 basehttp You're accessing the development server over HTTPS, but it only supports HTTP.
ERROR 2026-03-22 18:34:25,316 basehttp You're accessing the development server over HTTPS, but it only supports HTTP.
ERROR 2026-03-22 18:34:25,422 basehttp You're accessing the development server over HTTPS, but it only supports HTTP.
ERROR 2026-03-22 18:34:25,422 basehttp You're accessing the development server over HTTPS, but it only supports HTTP.
ERROR 2026-03-22 18:34:25,422 basehttp You're accessing the development server over HTTPS, but it only supports HTTP.
ERROR 2026-03-22 18:34:25,422 basehttp You're accessing the development server over HTTPS, but it only supports HTTP.
ERROR 2026-03-22 18:36:59,670 basehttp You're accessing the development server over HTTPS, but it only supports HTTP.
ERROR 2026-03-22 18:36:59,675 basehttp You're accessing the development server over HTTPS, but it only supports HTTP.
ERROR 2026-03-22 18:37:20,071 basehttp You're accessing the development server over HTTPS, but it only supports HTTP.
ERROR 2026-03-22 18:37:20,075 basehttp You're accessing the development server over HTTPS, but it only supports HTTP.
ERROR 2026-03-22 18:41:39,664 basehttp You're accessing the development server over HTTPS, but it only supports HTTP.
ERROR 2026-03-22 18:41:39,668 basehttp You're accessing the development server over HTTPS, but it only supports HTTP.
ERROR 2026-03-22 18:42:36,861 basehttp You're accessing the development server over HTTPS, but it only supports HTTP.
ERROR 2026-03-22 18:42:36,861 basehttp You're accessing the development server over HTTPS, but it only supports HTTP.
ERROR 2026-03-22 18:42:37,116 basehttp You're accessing the development server over HTTPS, but it only supports HTTP.
ERROR 2026-03-22 18:42:37,171 basehttp You're accessing the development server over HTTPS, but it only supports HTTP.
ERROR 2026-03-22 18:42:37,173 basehttp You're accessing the development server over HTTPS, but it only supports HTTP.
ERROR 2026-03-22 18:42:37,426 basehttp You're accessing the development server over HTTPS, but it only supports HTTP.
ERROR 2026-03-22 18:44:07,113 log Invalid HTTP_HOST header: 'localhost:8000'. You may need to add 'localhost' to ALLOWED_HOSTS.
Traceback (most recent call last):
  File "C:\Users\ramir\OneDrive\Documentos\GitHub\MiFQIQ-dev\venv\Lib\site-packages\django\core\handlers\exception.py", line 55, in inner
    response = get_response(request)
               ^^^^^^^^^^^^^^^^^^^^^
  File "C:\Users\ramir\OneDrive\Documentos\GitHub\MiFQIQ-dev\venv\Lib\site-packages\django\utils\deprecation.py", line 119, in __call__
    response = self.process_request(request)
               ^^^^^^^^^^^^^^^^^^^^^^^^^^^^^
  File "C:\Users\ramir\OneDrive\Documentos\GitHub\MiFQIQ-dev\venv\Lib\site-packages\django\middleware\security.py", line 28, in process_request
    host = self.redirect_host or request.get_host()
                                 ^^^^^^^^^^^^^^^^^^
  File "C:\Users\ramir\OneDrive\Documentos\GitHub\MiFQIQ-dev\venv\Lib\site-packages\django\http\request.py", line 202, in get_host
    raise DisallowedHost(msg)
django.core.exceptions.DisallowedHost: Invalid HTTP_HOST header: 'localhost:8000'. You may need to add 'localhost' to ALLOWED_HOSTS.
WARNING 2026-03-22 18:44:07,204 basehttp "GET / HTTP/1.1" 400 143
ERROR 2026-03-22 18:44:07,251 log Invalid HTTP_HOST header: 'localhost:8000'. You may need to add 'localhost' to ALLOWED_HOSTS.
Traceback (most recent call last):
  File "C:\Users\ramir\OneDrive\Documentos\GitHub\MiFQIQ-dev\venv\Lib\site-packages\django\core\handlers\exception.py", line 55, in inner
    response = get_response(request)
               ^^^^^^^^^^^^^^^^^^^^^
  File "C:\Users\ramir\OneDrive\Documentos\GitHub\MiFQIQ-dev\venv\Lib\site-packages\django\utils\deprecation.py", line 119, in __call__
    response = self.process_request(request)
               ^^^^^^^^^^^^^^^^^^^^^^^^^^^^^
  File "C:\Users\ramir\OneDrive\Documentos\GitHub\MiFQIQ-dev\venv\Lib\site-packages\django\middleware\security.py", line 28, in process_request
    host = self.redirect_host or request.get_host()
                                 ^^^^^^^^^^^^^^^^^^
  File "C:\Users\ramir\OneDrive\Documentos\GitHub\MiFQIQ-dev\venv\Lib\site-packages\django\http\request.py", line 202, in get_host
    raise DisallowedHost(msg)
django.core.exceptions.DisallowedHost: Invalid HTTP_HOST header: 'localhost:8000'. You may need to add 'localhost' to ALLOWED_HOSTS.
WARNING 2026-03-22 18:44:07,258 basehttp "GET /favicon.ico HTTP/1.1" 400 143
ERROR 2026-03-22 18:44:24,039 basehttp You're accessing the development server over HTTPS, but it only supports HTTP.
ERROR 2026-03-22 18:44:24,040 basehttp You're accessing the development server over HTTPS, but it only supports HTTP.
ERROR 2026-03-22 18:44:29,993 basehttp You're accessing the development server over HTTPS, but it only supports HTTP.
ERROR 2026-03-22 18:44:29,997 basehttp You're accessing the development server over HTTPS, but it only supports HTTP.
ERROR 2026-03-22 18:44:32,413 log Invalid HTTP_HOST header: 'localhost:8000'. You may need to add 'localhost' to ALLOWED_HOSTS.
Traceback (most recent call last):
  File "C:\Users\ramir\OneDrive\Documentos\GitHub\MiFQIQ-dev\venv\Lib\site-packages\django\core\handlers\exception.py", line 55, in inner
    response = get_response(request)
               ^^^^^^^^^^^^^^^^^^^^^
  File "C:\Users\ramir\OneDrive\Documentos\GitHub\MiFQIQ-dev\venv\Lib\site-packages\django\utils\deprecation.py", line 119, in __call__
    response = self.process_request(request)
               ^^^^^^^^^^^^^^^^^^^^^^^^^^^^^
  File "C:\Users\ramir\OneDrive\Documentos\GitHub\MiFQIQ-dev\venv\Lib\site-packages\django\middleware\security.py", line 28, in process_request
    host = self.redirect_host or request.get_host()
                                 ^^^^^^^^^^^^^^^^^^
  File "C:\Users\ramir\OneDrive\Documentos\GitHub\MiFQIQ-dev\venv\Lib\site-packages\django\http\request.py", line 202, in get_host
    raise DisallowedHost(msg)
django.core.exceptions.DisallowedHost: Invalid HTTP_HOST header: 'localhost:8000'. You may need to add 'localhost' to ALLOWED_HOSTS.
WARNING 2026-03-22 18:44:32,413 basehttp "GET /favicon.ico HTTP/1.1" 400 143
ERROR 2026-03-22 18:44:37,384 log Invalid HTTP_HOST header: 'localhost:8000'. You may need to add 'localhost' to ALLOWED_HOSTS.
Traceback (most recent call last):
  File "C:\Users\ramir\OneDrive\Documentos\GitHub\MiFQIQ-dev\venv\Lib\site-packages\django\core\handlers\exception.py", line 55, in inner
    response = get_response(request)
               ^^^^^^^^^^^^^^^^^^^^^
  File "C:\Users\ramir\OneDrive\Documentos\GitHub\MiFQIQ-dev\venv\Lib\site-packages\django\utils\deprecation.py", line 119, in __call__
    response = self.process_request(request)
               ^^^^^^^^^^^^^^^^^^^^^^^^^^^^^
  File "C:\Users\ramir\OneDrive\Documentos\GitHub\MiFQIQ-dev\venv\Lib\site-packages\django\middleware\security.py", line 28, in process_request
    host = self.redirect_host or request.get_host()
                                 ^^^^^^^^^^^^^^^^^^
  File "C:\Users\ramir\OneDrive\Documentos\GitHub\MiFQIQ-dev\venv\Lib\site-packages\django\http\request.py", line 202, in get_host
    raise DisallowedHost(msg)
django.core.exceptions.DisallowedHost: Invalid HTTP_HOST header: 'localhost:8000'. You may need to add 'localhost' to ALLOWED_HOSTS.
WARNING 2026-03-22 18:44:37,384 basehttp "GET / HTTP/1.1" 400 143
ERROR 2026-03-22 18:44:37,714 log Invalid HTTP_HOST header: 'localhost:8000'. You may need to add 'localhost' to ALLOWED_HOSTS.
Traceback (most recent call last):
  File "C:\Users\ramir\OneDrive\Documentos\GitHub\MiFQIQ-dev\venv\Lib\site-packages\django\core\handlers\exception.py", line 55, in inner
    response = get_response(request)
               ^^^^^^^^^^^^^^^^^^^^^
  File "C:\Users\ramir\OneDrive\Documentos\GitHub\MiFQIQ-dev\venv\Lib\site-packages\django\utils\deprecation.py", line 119, in __call__
    response = self.process_request(request)
               ^^^^^^^^^^^^^^^^^^^^^^^^^^^^^
  File "C:\Users\ramir\OneDrive\Documentos\GitHub\MiFQIQ-dev\venv\Lib\site-packages\django\middleware\security.py", line 28, in process_request
    host = self.redirect_host or request.get_host()
                                 ^^^^^^^^^^^^^^^^^^
  File "C:\Users\ramir\OneDrive\Documentos\GitHub\MiFQIQ-dev\venv\Lib\site-packages\django\http\request.py", line 202, in get_host
    raise DisallowedHost(msg)
django.core.exceptions.DisallowedHost: Invalid HTTP_HOST header: 'localhost:8000'. You may need to add 'localhost' to ALLOWED_HOSTS.
WARNING 2026-03-22 18:44:37,714 basehttp "GET /favicon.ico HTTP/1.1" 400 143
ERROR 2026-03-22 18:46:07,126 basehttp You're accessing the development server over HTTPS, but it only supports HTTP.
ERROR 2026-03-22 18:46:07,129 basehttp You're accessing the development server over HTTPS, but it only supports HTTP.
ERROR 2026-03-22 18:46:28,410 log Invalid HTTP_HOST header: 'localhost:8000'. You may need to add 'localhost' to ALLOWED_HOSTS.
Traceback (most recent call last):
  File "C:\Users\ramir\OneDrive\Documentos\GitHub\MiFQIQ-dev\venv\Lib\site-packages\django\core\handlers\exception.py", line 55, in inner
    response = get_response(request)
               ^^^^^^^^^^^^^^^^^^^^^
  File "C:\Users\ramir\OneDrive\Documentos\GitHub\MiFQIQ-dev\venv\Lib\site-packages\django\utils\deprecation.py", line 119, in __call__
    response = self.process_request(request)
               ^^^^^^^^^^^^^^^^^^^^^^^^^^^^^
  File "C:\Users\ramir\OneDrive\Documentos\GitHub\MiFQIQ-dev\venv\Lib\site-packages\django\middleware\security.py", line 28, in process_request
    host = self.redirect_host or request.get_host()
                                 ^^^^^^^^^^^^^^^^^^
  File "C:\Users\ramir\OneDrive\Documentos\GitHub\MiFQIQ-dev\venv\Lib\site-packages\django\http\request.py", line 202, in get_host
    raise DisallowedHost(msg)
django.core.exceptions.DisallowedHost: Invalid HTTP_HOST header: 'localhost:8000'. You may need to add 'localhost' to ALLOWED_HOSTS.
WARNING 2026-03-22 18:46:28,410 basehttp "GET / HTTP/1.1" 400 143
ERROR 2026-03-22 18:46:28,460 log Invalid HTTP_HOST header: 'localhost:8000'. You may need to add 'localhost' to ALLOWED_HOSTS.
Traceback (most recent call last):
  File "C:\Users\ramir\OneDrive\Documentos\GitHub\MiFQIQ-dev\venv\Lib\site-packages\django\core\handlers\exception.py", line 55, in inner
    response = get_response(request)
               ^^^^^^^^^^^^^^^^^^^^^
  File "C:\Users\ramir\OneDrive\Documentos\GitHub\MiFQIQ-dev\venv\Lib\site-packages\django\utils\deprecation.py", line 119, in __call__
    response = self.process_request(request)
               ^^^^^^^^^^^^^^^^^^^^^^^^^^^^^
  File "C:\Users\ramir\OneDrive\Documentos\GitHub\MiFQIQ-dev\venv\Lib\site-packages\django\middleware\security.py", line 28, in process_request
    host = self.redirect_host or request.get_host()
                                 ^^^^^^^^^^^^^^^^^^
  File "C:\Users\ramir\OneDrive\Documentos\GitHub\MiFQIQ-dev\venv\Lib\site-packages\django\http\request.py", line 202, in get_host
    raise DisallowedHost(msg)
django.core.exceptions.DisallowedHost: Invalid HTTP_HOST header: 'localhost:8000'. You may need to add 'localhost' to ALLOWED_HOSTS.
WARNING 2026-03-22 18:46:28,460 basehttp "GET /favicon.ico HTTP/1.1" 400 143
ERROR 2026-03-22 18:47:38,281 basehttp You're accessing the development server over HTTPS, but it only supports HTTP.
ERROR 2026-03-22 18:47:38,287 basehttp You're accessing the development server over HTTPS, but it only supports HTTP.
ERROR 2026-03-22 18:47:50,329 basehttp You're accessing the development server over HTTPS, but it only supports HTTP.
ERROR 2026-03-22 18:47:50,330 basehttp You're accessing the development server over HTTPS, but it only supports HTTP.
ERROR 2026-03-22 18:47:50,331 basehttp You're accessing the development server over HTTPS, but it only supports HTTP.
ERROR 2026-03-22 18:47:50,331 basehttp You're accessing the development server over HTTPS, but it only supports HTTP.
ERROR 2026-03-22 18:50:02,736 log Invalid HTTP_HOST header: '127.0.0.1:8000'. You may need to add '127.0.0.1' to ALLOWED_HOSTS.
Traceback (most recent call last):
  File "C:\Users\ramir\OneDrive\Documentos\GitHub\MiFQIQ-dev\venv\Lib\site-packages\django\core\handlers\exception.py", line 55, in inner
    response = get_response(request)
               ^^^^^^^^^^^^^^^^^^^^^
  File "C:\Users\ramir\OneDrive\Documentos\GitHub\MiFQIQ-dev\venv\Lib\site-packages\django\utils\deprecation.py", line 119, in __call__
    response = self.process_request(request)
               ^^^^^^^^^^^^^^^^^^^^^^^^^^^^^
  File "C:\Users\ramir\OneDrive\Documentos\GitHub\MiFQIQ-dev\venv\Lib\site-packages\django\middleware\security.py", line 28, in process_request
    host = self.redirect_host or request.get_host()
                                 ^^^^^^^^^^^^^^^^^^
  File "C:\Users\ramir\OneDrive\Documentos\GitHub\MiFQIQ-dev\venv\Lib\site-packages\django\http\request.py", line 202, in get_host
    raise DisallowedHost(msg)
django.core.exceptions.DisallowedHost: Invalid HTTP_HOST header: '127.0.0.1:8000'. You may need to add '127.0.0.1' to ALLOWED_HOSTS.
WARNING 2026-03-22 18:50:02,740 basehttp "GET / HTTP/1.1" 400 143
ERROR 2026-03-22 18:50:02,769 log Invalid HTTP_HOST header: '127.0.0.1:8000'. You may need to add '127.0.0.1' to ALLOWED_HOSTS.
Traceback (most recent call last):
  File "C:\Users\ramir\OneDrive\Documentos\GitHub\MiFQIQ-dev\venv\Lib\site-packages\django\core\handlers\exception.py", line 55, in inner
    response = get_response(request)
               ^^^^^^^^^^^^^^^^^^^^^
  File "C:\Users\ramir\OneDrive\Documentos\GitHub\MiFQIQ-dev\venv\Lib\site-packages\django\utils\deprecation.py", line 119, in __call__
    response = self.process_request(request)
               ^^^^^^^^^^^^^^^^^^^^^^^^^^^^^
  File "C:\Users\ramir\OneDrive\Documentos\GitHub\MiFQIQ-dev\venv\Lib\site-packages\django\middleware\security.py", line 28, in process_request
    host = self.redirect_host or request.get_host()
                                 ^^^^^^^^^^^^^^^^^^
  File "C:\Users\ramir\OneDrive\Documentos\GitHub\MiFQIQ-dev\venv\Lib\site-packages\django\http\request.py", line 202, in get_host
    raise DisallowedHost(msg)
django.core.exceptions.DisallowedHost: Invalid HTTP_HOST header: '127.0.0.1:8000'. You may need to add '127.0.0.1' to ALLOWED_HOSTS.
WARNING 2026-03-22 18:50:02,771 basehttp "GET /favicon.ico HTTP/1.1" 400 143
ERROR 2026-03-22 18:50:16,030 log Invalid HTTP_HOST header: '127.0.0.1:8000'. You may need to add '127.0.0.1' to ALLOWED_HOSTS.
Traceback (most recent call last):
  File "C:\Users\ramir\OneDrive\Documentos\GitHub\MiFQIQ-dev\venv\Lib\site-packages\django\core\handlers\exception.py", line 55, in inner
    response = get_response(request)
               ^^^^^^^^^^^^^^^^^^^^^
  File "C:\Users\ramir\OneDrive\Documentos\GitHub\MiFQIQ-dev\venv\Lib\site-packages\django\utils\deprecation.py", line 119, in __call__
    response = self.process_request(request)
               ^^^^^^^^^^^^^^^^^^^^^^^^^^^^^
  File "C:\Users\ramir\OneDrive\Documentos\GitHub\MiFQIQ-dev\venv\Lib\site-packages\django\middleware\security.py", line 28, in process_request
    host = self.redirect_host or request.get_host()
                                 ^^^^^^^^^^^^^^^^^^
  File "C:\Users\ramir\OneDrive\Documentos\GitHub\MiFQIQ-dev\venv\Lib\site-packages\django\http\request.py", line 202, in get_host
    raise DisallowedHost(msg)
django.core.exceptions.DisallowedHost: Invalid HTTP_HOST header: '127.0.0.1:8000'. You may need to add '127.0.0.1' to ALLOWED_HOSTS.
WARNING 2026-03-22 18:50:16,031 basehttp "GET / HTTP/1.1" 400 143
ERROR 2026-03-22 18:50:16,068 log Invalid HTTP_HOST header: '127.0.0.1:8000'. You may need to add '127.0.0.1' to ALLOWED_HOSTS.
Traceback (most recent call last):
  File "C:\Users\ramir\OneDrive\Documentos\GitHub\MiFQIQ-dev\venv\Lib\site-packages\django\core\handlers\exception.py", line 55, in inner
    response = get_response(request)
               ^^^^^^^^^^^^^^^^^^^^^
  File "C:\Users\ramir\OneDrive\Documentos\GitHub\MiFQIQ-dev\venv\Lib\site-packages\django\utils\deprecation.py", line 119, in __call__
    response = self.process_request(request)
               ^^^^^^^^^^^^^^^^^^^^^^^^^^^^^
  File "C:\Users\ramir\OneDrive\Documentos\GitHub\MiFQIQ-dev\venv\Lib\site-packages\django\middleware\security.py", line 28, in process_request
    host = self.redirect_host or request.get_host()
                                 ^^^^^^^^^^^^^^^^^^
  File "C:\Users\ramir\OneDrive\Documentos\GitHub\MiFQIQ-dev\venv\Lib\site-packages\django\http\request.py", line 202, in get_host
    raise DisallowedHost(msg)
django.core.exceptions.DisallowedHost: Invalid HTTP_HOST header: '127.0.0.1:8000'. You may need to add '127.0.0.1' to ALLOWED_HOSTS.
WARNING 2026-03-22 18:50:16,070 basehttp "GET /favicon.ico HTTP/1.1" 400 143
ERROR 2026-03-22 18:50:35,872 log Invalid HTTP_HOST header: '127.0.0.1:8000'. You may need to add '127.0.0.1' to ALLOWED_HOSTS.
Traceback (most recent call last):
  File "C:\Users\ramir\OneDrive\Documentos\GitHub\MiFQIQ-dev\venv\Lib\site-packages\django\core\handlers\exception.py", line 55, in inner
    response = get_response(request)
               ^^^^^^^^^^^^^^^^^^^^^
  File "C:\Users\ramir\OneDrive\Documentos\GitHub\MiFQIQ-dev\venv\Lib\site-packages\django\utils\deprecation.py", line 119, in __call__
    response = self.process_request(request)
               ^^^^^^^^^^^^^^^^^^^^^^^^^^^^^
  File "C:\Users\ramir\OneDrive\Documentos\GitHub\MiFQIQ-dev\venv\Lib\site-packages\django\middleware\security.py", line 28, in process_request
    host = self.redirect_host or request.get_host()
                                 ^^^^^^^^^^^^^^^^^^
  File "C:\Users\ramir\OneDrive\Documentos\GitHub\MiFQIQ-dev\venv\Lib\site-packages\django\http\request.py", line 202, in get_host
    raise DisallowedHost(msg)
django.core.exceptions.DisallowedHost: Invalid HTTP_HOST header: '127.0.0.1:8000'. You may need to add '127.0.0.1' to ALLOWED_HOSTS.
WARNING 2026-03-22 18:50:35,876 basehttp "GET / HTTP/1.1" 400 143
ERROR 2026-03-22 18:50:35,939 log Invalid HTTP_HOST header: '127.0.0.1:8000'. You may need to add '127.0.0.1' to ALLOWED_HOSTS.
Traceback (most recent call last):
  File "C:\Users\ramir\OneDrive\Documentos\GitHub\MiFQIQ-dev\venv\Lib\site-packages\django\core\handlers\exception.py", line 55, in inner
    response = get_response(request)
               ^^^^^^^^^^^^^^^^^^^^^
  File "C:\Users\ramir\OneDrive\Documentos\GitHub\MiFQIQ-dev\venv\Lib\site-packages\django\utils\deprecation.py", line 119, in __call__
    response = self.process_request(request)
               ^^^^^^^^^^^^^^^^^^^^^^^^^^^^^
  File "C:\Users\ramir\OneDrive\Documentos\GitHub\MiFQIQ-dev\venv\Lib\site-packages\django\middleware\security.py", line 28, in process_request
    host = self.redirect_host or request.get_host()
                                 ^^^^^^^^^^^^^^^^^^
  File "C:\Users\ramir\OneDrive\Documentos\GitHub\MiFQIQ-dev\venv\Lib\site-packages\django\http\request.py", line 202, in get_host
    raise DisallowedHost(msg)
django.core.exceptions.DisallowedHost: Invalid HTTP_HOST header: '127.0.0.1:8000'. You may need to add '127.0.0.1' to ALLOWED_HOSTS.
WARNING 2026-03-22 18:50:35,939 basehttp "GET /favicon.ico HTTP/1.1" 400 143
ERROR 2026-03-22 18:51:04,841 log Invalid HTTP_HOST header: '127.0.0.1:8000'. You may need to add '127.0.0.1' to ALLOWED_HOSTS.
Traceback (most recent call last):
  File "C:\Users\ramir\OneDrive\Documentos\GitHub\MiFQIQ-dev\venv\Lib\site-packages\django\core\handlers\exception.py", line 55, in inner
    response = get_response(request)
               ^^^^^^^^^^^^^^^^^^^^^
  File "C:\Users\ramir\OneDrive\Documentos\GitHub\MiFQIQ-dev\venv\Lib\site-packages\django\utils\deprecation.py", line 119, in __call__
    response = self.process_request(request)
               ^^^^^^^^^^^^^^^^^^^^^^^^^^^^^
  File "C:\Users\ramir\OneDrive\Documentos\GitHub\MiFQIQ-dev\venv\Lib\site-packages\django\middleware\security.py", line 28, in process_request
    host = self.redirect_host or request.get_host()
                                 ^^^^^^^^^^^^^^^^^^
  File "C:\Users\ramir\OneDrive\Documentos\GitHub\MiFQIQ-dev\venv\Lib\site-packages\django\http\request.py", line 202, in get_host
    raise DisallowedHost(msg)
django.core.exceptions.DisallowedHost: Invalid HTTP_HOST header: '127.0.0.1:8000'. You may need to add '127.0.0.1' to ALLOWED_HOSTS.
WARNING 2026-03-22 18:51:04,848 basehttp "GET / HTTP/1.1" 400 143
ERROR 2026-03-22 18:51:04,908 log Invalid HTTP_HOST header: '127.0.0.1:8000'. You may need to add '127.0.0.1' to ALLOWED_HOSTS.
Traceback (most recent call last):
  File "C:\Users\ramir\OneDrive\Documentos\GitHub\MiFQIQ-dev\venv\Lib\site-packages\django\core\handlers\exception.py", line 55, in inner
    response = get_response(request)
               ^^^^^^^^^^^^^^^^^^^^^
  File "C:\Users\ramir\OneDrive\Documentos\GitHub\MiFQIQ-dev\venv\Lib\site-packages\django\utils\deprecation.py", line 119, in __call__
    response = self.process_request(request)
               ^^^^^^^^^^^^^^^^^^^^^^^^^^^^^
  File "C:\Users\ramir\OneDrive\Documentos\GitHub\MiFQIQ-dev\venv\Lib\site-packages\django\middleware\security.py", line 28, in process_request
    host = self.redirect_host or request.get_host()
                                 ^^^^^^^^^^^^^^^^^^
  File "C:\Users\ramir\OneDrive\Documentos\GitHub\MiFQIQ-dev\venv\Lib\site-packages\django\http\request.py", line 202, in get_host
    raise DisallowedHost(msg)
django.core.exceptions.DisallowedHost: Invalid HTTP_HOST header: '127.0.0.1:8000'. You may need to add '127.0.0.1' to ALLOWED_HOSTS.
WARNING 2026-03-22 18:51:04,911 basehttp "GET /favicon.ico HTTP/1.1" 400 143
ERROR 2026-03-22 18:52:30,227 log Invalid HTTP_HOST header: '127.0.0.1:8000'. You may need to add '127.0.0.1' to ALLOWED_HOSTS.
Traceback (most recent call last):
  File "C:\Users\ramir\OneDrive\Documentos\GitHub\MiFQIQ-dev\venv\Lib\site-packages\django\core\handlers\exception.py", line 55, in inner
    response = get_response(request)
               ^^^^^^^^^^^^^^^^^^^^^
  File "C:\Users\ramir\OneDrive\Documentos\GitHub\MiFQIQ-dev\venv\Lib\site-packages\django\utils\deprecation.py", line 119, in __call__
    response = self.process_request(request)
               ^^^^^^^^^^^^^^^^^^^^^^^^^^^^^
  File "C:\Users\ramir\OneDrive\Documentos\GitHub\MiFQIQ-dev\venv\Lib\site-packages\django\middleware\security.py", line 28, in process_request
    host = self.redirect_host or request.get_host()
                                 ^^^^^^^^^^^^^^^^^^
  File "C:\Users\ramir\OneDrive\Documentos\GitHub\MiFQIQ-dev\venv\Lib\site-packages\django\http\request.py", line 202, in get_host
    raise DisallowedHost(msg)
django.core.exceptions.DisallowedHost: Invalid HTTP_HOST header: '127.0.0.1:8000'. You may need to add '127.0.0.1' to ALLOWED_HOSTS.
WARNING 2026-03-22 18:52:30,227 basehttp "GET / HTTP/1.1" 400 143
ERROR 2026-03-22 18:52:30,261 log Invalid HTTP_HOST header: '127.0.0.1:8000'. You may need to add '127.0.0.1' to ALLOWED_HOSTS.
Traceback (most recent call last):
  File "C:\Users\ramir\OneDrive\Documentos\GitHub\MiFQIQ-dev\venv\Lib\site-packages\django\core\handlers\exception.py", line 55, in inner
    response = get_response(request)
               ^^^^^^^^^^^^^^^^^^^^^
  File "C:\Users\ramir\OneDrive\Documentos\GitHub\MiFQIQ-dev\venv\Lib\site-packages\django\utils\deprecation.py", line 119, in __call__
    response = self.process_request(request)
               ^^^^^^^^^^^^^^^^^^^^^^^^^^^^^
  File "C:\Users\ramir\OneDrive\Documentos\GitHub\MiFQIQ-dev\venv\Lib\site-packages\django\middleware\security.py", line 28, in process_request
    host = self.redirect_host or request.get_host()
                                 ^^^^^^^^^^^^^^^^^^
  File "C:\Users\ramir\OneDrive\Documentos\GitHub\MiFQIQ-dev\venv\Lib\site-packages\django\http\request.py", line 202, in get_host
    raise DisallowedHost(msg)
django.core.exceptions.DisallowedHost: Invalid HTTP_HOST header: '127.0.0.1:8000'. You may need to add '127.0.0.1' to ALLOWED_HOSTS.
WARNING 2026-03-22 18:52:30,262 basehttp "GET /favicon.ico HTTP/1.1" 400 143
WARNING 2026-03-22 18:55:03,279 log Not Found: /admin-mifqiq
WARNING 2026-03-22 18:55:03,279 basehttp "GET /admin-mifqiq HTTP/1.1" 404 5034
WARNING 2026-03-22 18:55:03,333 log Not Found: /favicon.ico
WARNING 2026-03-22 18:55:03,333 basehttp "GET /favicon.ico HTTP/1.1" 404 5030
WARNING 2026-03-25 22:40:57,652 log Not Found: /admin
WARNING 2026-03-25 22:40:57,654 basehttp "GET /admin HTTP/1.1" 404 5243
WARNING 2026-03-25 22:40:57,716 log Not Found: /favicon.ico
WARNING 2026-03-25 22:40:57,716 basehttp "GET /favicon.ico HTTP/1.1" 404 5267
WARNING 2026-03-25 22:41:09,725 log Not Found: /admin-mifqiq
WARNING 2026-03-25 22:41:09,725 basehttp "GET /admin-mifqiq HTTP/1.1" 404 5271
WARNING 2026-03-25 22:45:40,235 log Not Found: /api/v1/Professor/1
WARNING 2026-03-25 22:45:40,235 basehttp "GET /api/v1/Professor/1 HTTP/1.1" 404 7350
WARNING 2026-03-25 22:45:47,858 log Not Found: /api/v1/Professor/6
WARNING 2026-03-25 22:45:47,858 basehttp "GET /api/v1/Professor/6 HTTP/1.1" 404 7350
WARNING 2026-03-25 22:45:52,362 log Not Found: /api/v1/Professor/5
WARNING 2026-03-25 22:45:52,362 basehttp "GET /api/v1/Professor/5 HTTP/1.1" 404 7350
WARNING 2026-03-25 22:46:04,633 log Not Found: /api/v1/Professor/19
WARNING 2026-03-25 22:46:04,633 basehttp "GET /api/v1/Professor/19 HTTP/1.1" 404 7354
WARNING 2026-03-26 11:18:13,768 log Not Found: /api/docs
WARNING 2026-03-26 11:18:13,770 basehttp "GET /api/docs HTTP/1.1" 404 6035
WARNING 2026-03-26 11:19:36,056 log Not Found: /api/dredoc/
WARNING 2026-03-26 11:19:36,059 basehttp "GET /api/dredoc/ HTTP/1.1" 404 6046
